Teste do github

Administrador@PB01-LAB09-04 MINGW64 ~/Desktop/Git/worshop-2024.2 (main)
$ git status
On branch main
Your branch is up to date with 'origin/main'.

Untracked files:
  (use "git add <file>..." to include in what will be committed)
        Teste de documento.txt

nothing added to commit but untracked files present (use "git add" to track)

Administrador@PB01-LAB09-04 MINGW64 ~/Desktop/Git/worshop-2024.2 (main)
$ git add .

Administrador@PB01-LAB09-04 MINGW64 ~/Desktop/Git/worshop-2024.2 (main)
$  git status
On branch main
Your branch is up to date with 'origin/main'.

Changes to be committed:
  (use "git restore --staged <file>..." to unstage)
        new file:   Teste de documento.txt


Administrador@PB01-LAB09-04 MINGW64 ~/Desktop/Git/worshop-2024.2 (main)
$
